// Jest Snapshot v1, https://goo.gl/fbAQLP

exports[`snapshots testing snapshots for Rockets component 1`] = `
<div>
  <div />
</div>
`;
